
> frontend@0.0.0 test:ci
> npm run test:unit && npm run test:visual && npm run test:unit:quarantine


> frontend@0.0.0 test:unit
> npm run test:unit:core && npm run test:unit:infra && npm run test:unit:misc


> frontend@0.0.0 test:unit:core
> node --max-old-space-size=4096 ./node_modules/vitest/vitest.mjs --run --config vitest.unit-core.config.ts


[1m[46m RUN [49m[22m [36mv3.2.4 [39m[90mD:/react/React-App-000739/Prompt-Library/frontend[39m

npm : [90mstderr[2m | 
src/components/prompts/__tests__/PromptGenerationWizard.test.tsx[2m > 
[22m[2mPromptGenerationWizard[2m > [22m[2mBasic Info Step[2m > 
[22m[2mshould render the basic info step initially
At line:1 char:50
+ ... rue'; $env:CI='true'; npm run test:ci > test-results.txt 2>&1; Get-Co ...
+                           ~~~~~~~~~~~~~~~~~~~~~~~~~~~~~~~~~~~~~~~
    + CategoryInfo          : NotSpecified: ([90mstderr[2m... step initially:Stri 
   ng) [], RemoteException
    + FullyQualifiedErrorId : NativeCommandError
 
[22m[39mΓÜá∩╕Å React Router Future Flag Warning: React Router will begin wrapping 
state updates in `React.startTransition` in v7. You can use the 
`v7_startTransition` future flag to opt-in early. For more information, see 
https://reactrouter.com/v6/upgrading/future#v7_starttransition.
ΓÜá∩╕Å React Router Future Flag Warning: Relative route resolution within Splat 
routes is changing in v7. You can use the `v7_relativeSplatPath` future flag to 
opt-in early. For more information, see 
https://reactrouter.com/v6/upgrading/future#v7_relativesplatpath.

 [32mΓ£ô[39m src/components/prompts/__tests__/PromptGenerationWizard.test.tsx [2m([22m[2m20 tests[22m[2m)[22m[33m 10559[2mms[22m[39m
   [33m[2mΓ£ô[22m[39m PromptGenerationWizard[2m > [22mBasic Info Step[2m > [22mshould proceed to next step when valid data is entered [33m 807[2mms[22m[39m
   [33m[2mΓ£ô[22m[39m PromptGenerationWizard[2m > [22mVariables Step[2m > [22mshould show empty state when no variables are defined [33m 449[2mms[22m[39m
   [33m[2mΓ£ô[22m[39m PromptGenerationWizard[2m > [22mVariables Step[2m > [22mshould add a new variable when Add Variable button is clicked [33m 534[2mms[22m[39m
   [33m[2mΓ£ô[22m[39m PromptGenerationWizard[2m > [22mVariables Step[2m > [22mshould remove a variable when delete button is clicked [33m 503[2mms[22m[39m
   [33m[2mΓ£ô[22m[39m PromptGenerationWizard[2m > [22mVariables Step[2m > [22mshould update variable properties [33m 1211[2mms[22m[39m
   [33m[2mΓ£ô[22m[39m PromptGenerationWizard[2m > [22mPreferences Step[2m > [22mshould render preferences options [33m 517[2mms[22m[39m
   [33m[2mΓ£ô[22m[39m PromptGenerationWizard[2m > [22mPreferences Step[2m > [22mshould select output format [33m 539[2mms[22m[39m
   [33m[2mΓ£ô[22m[39m PromptGenerationWizard[2m > [22mPreferences Step[2m > [22mshould select tone [33m 540[2mms[22m[39m
   [33m[2mΓ£ô[22m[39m PromptGenerationWizard[2m > [22mPreferences Step[2m > [22mshould toggle RAG support [33m 543[2mms[22m[39m
   [33m[2mΓ£ô[22m[39m PromptGenerationWizard[2m > [22mReview Step[2m > [22mshould display review information [33m 868[2mms[22m[39m
   [33m[2mΓ£ô[22m[39m PromptGenerationWizard[2m > [22mReview Step[2m > [22mshould show generate button on review step [33m 936[2mms[22m[39m
   [33m[2mΓ£ô[22m[39m PromptGenerationWizard[2m > [22mReview Step[2m > [22mshould call onGenerate with correct data when generate button is clicked [33m 989[2mms[22m[39m
   [33m[2mΓ£ô[22m[39m PromptGenerationWizard[2m > [22mNavigation[2m > [22mshould navigate back to previous step [33m 528[2mms[22m[39m
   [33m[2mΓ£ô[22m[39m PromptGenerationWizard[2m > [22mNavigation[2m > [22mshould show loading state when generating [33m 543[2mms[22m[39m
   [33m[2mΓ£ô[22m[39m PromptGenerationWizard[2m > [22mForm Validation[2m > [22mshould validate variable names [33m 716[2mms[22m[39m
 [32mΓ£ô[39m src/hooks/__tests__/useStreamingExecution.test.ts [2m([22m[2m12 tests[22m[2m | [22m[33m1 skipped[39m[2m)[22m[33m 2605[2mms[22m[39m
   [33m[2mΓ£ô[22m[39m useStreamingExecution[2m > [22mshould attempt reconnection on error when autoReconnect is enabled [33m 1112[2mms[22m[39m
   [33m[2mΓ£ô[22m[39m useTypingAnimation[2m > [22mshould reset when text changes [33m 303[2mms[22m[39m
 [32mΓ£ô[39m src/components/help/__tests__/HelpCenter.accessibility.test.tsx [2m([22m[2m23 tests[22m[2m)[22m[33m 1641[2mms[22m[39m
   [33m[2mΓ£ô[22m[39m HelpCenter Accessibility[2m > [22mshould not have any accessibility violations [33m 495[2mms[22m[39m
   [33m[2mΓ£ô[22m[39m HelpCenter Accessibility[2m > [22mshould have proper color contrast [33m 377[2mms[22m[39m
[90mstdout[2m | src/components/help/__tests__/HelpCenter.test.tsx[2m > [22m[2mHelpCenter Component[2m > [22m[2mCategory Navigation[2m > [22m[2mshould filter articles by category
[22m[39mAnalytics Event: category_explore { categoryId: [32m'getting-started'[39m, categoryName: [32m'Getting Started'[39m }
Analytics Event: user_engagement {
  action: [32m'category_select'[39m,
  context: { categoryId: [32m'getting-started'[39m, categoryName: [32m'Getting Started'[39m },
  timestamp: [33m1760601021350[39m,
  sessionDuration: [33m60[39m
}

[90mstdout[2m | src/components/help/__tests__/HelpCenter.test.tsx[2m > [22m[2mHelpCenter Component[2m > [22m[2mArticle Interaction[2m > [22m[2mshould open article when clicked
[22m[39mAnalytics Event: article_view {
  articleId: [32m'test-article-1'[39m,
  articleTitle: [32m'Test Article 1'[39m,
  category: [32m'getting-started'[39m,
  subcategory: [90mundefined[39m,
  type: [32m'guide'[39m,
  difficulty: [32m'beginner'[39m
}
Analytics Event: user_engagement {
  action: [32m'article_open'[39m,
  context: {
    articleId: [32m'test-article-1'[39m,
    fromSearch: [33mfalse[39m,
    fromCategory: [33mfalse[39m
  },
  timestamp: [33m1760601021524[39m,
  sessionDuration: [33m21[39m
}

[90mstdout[2m | src/components/help/__tests__/HelpCenter.test.tsx[2m > [22m[2mHelpCenter Component[2m > [22m[2mArticle Interaction[2m > [22m[2mshould show breadcrumbs when article is open
[22m[39mAnalytics Event: article_view {
  articleId: [32m'test-article-1'[39m,
  articleTitle: [32m'Test Article 1'[39m,
  category: [32m'getting-started'[39m,
  subcategory: [90mundefined[39m,
  type: [32m'guide'[39m,
  difficulty: [32m'beginner'[39m
}
Analytics Event: user_engagement {
  action: [32m'article_open'[39m,
  context: {
    articleId: [32m'test-article-1'[39m,
    fromSearch: [33mfalse[39m,
    fromCategory: [33mfalse[39m
  },
  timestamp: [33m1760601021606[39m,
  sessionDuration: [33m29[39m
}

[90mstdout[2m | src/components/help/__tests__/HelpCenter.test.tsx[2m > [22m[2mHelpCenter Component[2m > [22m[2mArticle Interaction[2m > [22m[2mshould close article when back button is clicked
[22m[39mAnalytics Event: article_view {
  articleId: [32m'test-article-1'[39m,
  articleTitle: [32m'Test Article 1'[39m,
  category: [32m'getting-started'[39m,
  subcategory: [90mundefined[39m,
  type: [32m'guide'[39m,
  difficulty: [32m'beginner'[39m
}
Analytics Event: user_engagement {
  action: [32m'article_open'[39m,
  context: {
    articleId: [32m'test-article-1'[39m,
    fromSearch: [33mfalse[39m,
    fromCategory: [33mfalse[39m
  },
  timestamp: [33m1760601021683[39m,
  sessionDuration: [33m42[39m
}

 [32mΓ£ô[39m src/components/help/__tests__/HelpCenter.test.tsx [2m([22m[2m18 tests[22m[2m | [22m[33m1 skipped[39m[2m)[22m[33m 1265[2mms[22m[39m
 [32mΓ£ô[39m src/components/prompts/__tests__/EnhancedPromptForm.test.tsx [2m([22m[2m11 tests[22m[2m)[22m[33m 1092[2mms[22m[39m
 [32mΓ£ô[39m src/components/auth/__tests__/LoginFormModal.test.tsx [2m([22m[2m10 tests[22m[2m)[22m[33m 1150[2mms[22m[39m
 [32mΓ£ô[39m src/components/common/__tests__/ErrorBoundary.test.tsx [2m([22m[2m17 tests[22m[2m)[22m[33m 1113[2mms[22m[39m
 [32mΓ£ô[39m src/components/execution/__tests__/RAGContextPreview.test.tsx [2m([22m[2m23 tests[22m[2m)[22m[33m 1102[2mms[22m[39m
 [32mΓ£ô[39m src/components/prompts/__tests__/PromptForm.test.tsx [2m([22m[2m13 tests[22m[2m)[22m[33m 954[2mms[22m[39m
 [32mΓ£ô[39m src/components/prompts/__tests__/EnhancedPromptList.test.tsx [2m([22m[2m10 tests[22m[2m)[22m[33m 755[2mms[22m[39m
 [32mΓ£ô[39m src/components/prompts/__tests__/EnhancedPromptEditor.test.tsx [2m([22m[2m17 tests[22m[2m)[22m[33m 1161[2mms[22m[39m
 [32mΓ£ô[39m src/components/auth/__tests__/SignupFormModal.test.tsx [2m([22m[2m11 tests[22m[2m)[22m[33m 1005[2mms[22m[39m
 [32mΓ£ô[39m src/components/execution/__tests__/ResponseTime.test.tsx [2m([22m[2m27 tests[22m[2m)[22m[33m 898[2mms[22m[39m
 [32mΓ£ô[39m src/components/execution/__tests__/TokenUsage.test.tsx [2m([22m[2m22 tests[22m[2m)[22m[33m 795[2mms[22m[39m
 [32mΓ£ô[39m src/components/prompts/__tests__/PromptCard.test.tsx [2m([22m[2m13 tests[22m[2m)[22m[33m 889[2mms[22m[39m
 [32mΓ£ô[39m src/components/common/__tests__/Toast.test.tsx [2m([22m[2m12 tests[22m[2m | [22m[33m2 skipped[39m[2m)[22m[33m 564[2mms[22m[39m
[90mstderr[2m | src/components/help/__tests__/HelpSearchBar.test.tsx
[22m[39mUsing an object as a third argument is deprecated. Vitest 4 will throw an 
error if the third argument is not a timeout number. Please use the second argument 
for options. See more at https://vitest.dev/guide/migration
Using an object as a third argument is deprecated. Vitest 4 will throw an error if 
the third argument is not a timeout number. Please use the second argument for 
options. See more at https://vitest.dev/guide/migration
Using an object as a third argument is deprecated. Vitest 4 will throw an error if 
the third argument is not a timeout number. Please use the second argument for 
options. See more at https://vitest.dev/guide/migration

 [32mΓ£ô[39m src/components/help/__tests__/HelpSearchBar.test.tsx [2m([22m[2m10 tests[22m[2m)[22m[33m 749[2mms[22m[39m
 [32mΓ£ô[39m src/hooks/__tests__/usePerformanceMonitoring.test.ts [2m([22m[2m19 tests[22m[2m)[22m[33m 982[2mms[22m[39m
 [32mΓ£ô[39m src/components/documents/__tests__/DocumentUpload.test.tsx [2m([22m[2m9 tests[22m[2m | [22m[33m1 skipped[39m[2m)[22m[33m 823[2mms[22m[39m
[90mstdout[2m | src/components/marketing/ui/__tests__/featured-service-card.test.tsx
[22m[39m≡ƒöì Started debugging document processing for job: new-doc-id
≡ƒÅü Stopped debugging job new-doc-id. Final report:
≡ƒöì Document Processing Debug Report
=====================================
Job ID: new-doc-id
Current Status: unknown
Total Attempts: 0
Duration: 0s
Last Poll: 0s ago

≡ƒôè API Responses (last 5):


Γ¥î Errors (1):
  1. [2025-10-16T07:50:39.819Z] currentUser?.getIdToken is not a function

≡ƒöº Potential Issues:

[90mstderr[2m | 
src/components/marketing/ui/__tests__/featured-service-card.test.tsx
[22m[39mΓ¥î Error in job new-doc-id: currentUser?.getIdToken is not a function
Γ¥î Status polling error: TypeError: currentUser?.getIdToken is not a function
    at poll [90m(D:\react\React-App-000739\Prompt-Library\frontend\[39msrc\compone
nts\documents\DocumentUpload.tsx:438:44[90m)[39m
    at pollProcessingStatus [90m(D:\react\React-App-000739\Prompt-Library\frontend\
[39msrc\components\documents\DocumentUpload.tsx:591:5[90m)[39m
    at [90mD:\react\React-App-000739\Prompt-Library\frontend\[39msrc\components\do
cuments\DocumentUpload.tsx:385:13
Debug report: ≡ƒöì Document Processing Debug Report
=====================================
Job ID: new-doc-id
Current Status: unknown
Total Attempts: 0
Duration: 0s
Last Poll: 0s ago

≡ƒôè API Responses (last 5):


Γ¥î Errors (1):
  1. [2025-10-16T07:50:39.819Z] currentUser?.getIdToken is not a function

≡ƒöº Potential Issues:

 [32mΓ£ô[39m src/components/marketing/ui/__tests__/featured-service-card.test.tsx [2m([22m[2m14 tests[22m[2m)[22m[33m 627[2mms[22m[39m
[90mstderr[2m | src/components/prompts/__tests__/PromptEditor.test.tsx[2m > 
[22m[2mPromptEditor[2m > [22m[2mrenders editor with prompt data
[22m[39mWarning: Received `false` for a non-boolean attribute `loading`.

If you want to write it to the DOM, pass a string instead: loading="false" or 
loading={value.toString()}.

If you used to conditionally omit it with loading={condition && value}, pass 
loading={condition ? value : undefined} instead.
    at button
    at D:\react\React-App-000739\Prompt-Library\frontend\src\components\marketing\ui
\button.tsx:17:5
    at div
    at div
    at div
    at div
    at div
    at PromptEditor (D:\react\React-App-000739\Prompt-Library\frontend\src\component
s\prompts\PromptEditor.tsx:10:3)
    at MockWorkspaceProvider 
(D:\react\React-App-000739\Prompt-Library\frontend\src\test\test-utils.tsx:444:34)
    at MockToastProvider 
(D:\react\React-App-000739\Prompt-Library\frontend\src\test\test-utils.tsx:336:3)
    at MockAuthProvider 
(D:\react\React-App-000739\Prompt-Library\frontend\src\test\test-utils.tsx:311:3)
    at Router (D:\react\React-App-000739\Prompt-Library\frontend\node_modules\react-
router\dist\umd\react-router.development.js:1207:17)
    at BrowserRouter (D:\react\React-App-000739\Prompt-Library\frontend\node_modules
\react-router-dom\dist\umd\react-router-dom.development.js:695:7)
    at QueryClientProvider (file:///D:/react/React-App-000739/Prompt-Library/fronten
d/node_modules/@tanstack/react-query/build/modern/QueryClientProvider.js:20:3)
    at Wrapper 
(D:\react\React-App-000739\Prompt-Library\frontend\src\test\test-utils.tsx:484:22)

 [32mΓ£ô[39m src/components/prompts/__tests__/PromptEditor.test.tsx [2m([22m[2m6 tests[22m[2m)[22m[33m 607[2mms[22m[39m
[90mstderr[2m | src/components/layout/__tests__/a11y.Sidebar.test.tsx[2m > 
[22m[2mAccessibility: Sidebar[2m > [22m[2mhas no basic a11y violations 
(expanded)
[22m[39mError: Not implemented: HTMLCanvasElement.prototype.getContext (without 
installing the canvas npm package)
    at module.exports (D:\react\React-App-000739\Prompt-Library\frontend\node_module
s\jsdom\lib\jsdom\browser\not-implemented.js:9:17)
    at HTMLCanvasElementImpl.getContext (D:\react\React-App-000739\Prompt-Library\fr
ontend\node_modules\jsdom\lib\jsdom\living\nodes\HTMLCanvasElement-impl.js:42:5)
    at HTMLCanvasElement.getContext (D:\react\React-App-000739\Prompt-Library\fronte
nd\node_modules\jsdom\lib\jsdom\living\generated\HTMLCanvasElement.js:131:58)
    at D:\react\React-App-000739\Prompt-Library\frontend\node_modules\axe-core\axe.j
s:13406:49
    at Object.get (D:\react\React-App-000739\Prompt-Library\frontend\node_modules\ax
e-core\axe.js:7722:23)
    at _isIconLigature (D:\react\React-App-000739\Prompt-Library\frontend\node_modul
es\axe-core\axe.js:13405:41)
    at D:\react\React-App-000739\Prompt-Library\frontend\node_modules\axe-core\axe.j
s:27328:54
    at Array.some (<anonymous>)
    at hasRealTextChildren (D:\react\React-App-000739\Prompt-Library\frontend\node_m
odules\axe-core\axe.js:27327:35)
    at Rule.colorContrastMatches [as matches] (D:\react\React-App-000739\Prompt-Libr
ary\frontend\node_modules\axe-core\axe.js:27292:12) [90mundefined[39m

 [32mΓ£ô[39m src/components/layout/__tests__/a11y.Sidebar.test.tsx [2m([22m[2m2 tests[22m[2m)[22m[33m 455[2mms[22m[39m
 [32mΓ£ô[39m src/components/execution/__tests__/CostDisplay.test.tsx [2m([22m[2m15 tests[22m[2m)[22m[33m 565[2mms[22m[39m
 [32mΓ£ô[39m src/components/help/__tests__/HelpResultsList.test.tsx [2m([22m[2m17 tests[22m[2m)[22m[33m 489[2mms[22m[39m
[90mstderr[2m | 
src/components/marketing/interactive/__tests__/SmartAssistantDemo.test.tsx[2m > 
[22m[2mSmartAssistantDemo[2m > [22m[2mrenders the demo component with scenarios
[22m[39mWarning: React does not recognize the `whileHover` prop on a DOM element. 
If you intentionally want it to appear in the DOM as a custom attribute, spell it 
as lowercase `whilehover` instead. If you accidentally passed it from a parent 
component, remove it from the DOM element.
    at div
    at div (D:\react\React-App-000739\Prompt-Library\frontend\src\components\marketi
ng\interactive\__tests__\SmartAssistantDemo.test.tsx:4:13)
    at div
    at div
    at div
    at section
    at SmartAssistantDemo (D:\react\React-App-000739\Prompt-Library\frontend\src\com
ponents\marketing\interactive\SmartAssistantDemo.tsx:200:69)

 [32mΓ£ô[39m src/components/marketing/interactive/__tests__/SmartAssistantDemo.test.tsx [2m([22m[2m5 tests[22m[2m)[22m[33m 405[2mms[22m[39m
 [32mΓ£ô[39m src/components/help/__tests__/HelpCenterV2.test.tsx [2m([22m[2m4 tests[22m[2m)[22m[33m 348[2mms[22m[39m
 [32mΓ£ô[39m src/components/execution/__tests__/ExecutionRating.test.tsx [2m([22m[2m3 tests[22m[2m)[22m[32m 256[2mms[22m[39m
 [32mΓ£ô[39m src/components/layout/__tests__/a11y.RightPanel.test.tsx [2m([22m[2m2 tests[22m[2m)[22m[32m 254[2mms[22m[39m
 [32mΓ£ô[39m src/components/help/__tests__/TableOfContents.test.tsx [2m([22m[2m12 tests[22m[2m)[22m[33m 363[2mms[22m[39m
[90mstderr[2m | src/components/layout/__tests__/a11y.Layout.test.tsx[2m > 
[22m[2mAccessibility: Layout[2m > [22m[2mhas no basic a11y violations on 
initial render
[22m[39mError: Not implemented: HTMLCanvasElement.prototype.getContext (without 
installing the canvas npm package)
    at module.exports (D:\react\React-App-000739\Prompt-Library\frontend\node_module
s\jsdom\lib\jsdom\browser\not-implemented.js:9:17)
    at HTMLCanvasElementImpl.getContext (D:\react\React-App-000739\Prompt-Library\fr
ontend\node_modules\jsdom\lib\jsdom\living\nodes\HTMLCanvasElement-impl.js:42:5)
    at HTMLCanvasElement.getContext (D:\react\React-App-000739\Prompt-Library\fronte
nd\node_modules\jsdom\lib\jsdom\living\generated\HTMLCanvasElement.js:131:58)
    at D:\react\React-App-000739\Prompt-Library\frontend\node_modules\axe-core\axe.j
s:13406:49
    at Object.get (D:\react\React-App-000739\Prompt-Library\frontend\node_modules\ax
e-core\axe.js:7722:23)
    at _isIconLigature (D:\react\React-App-000739\Prompt-Library\frontend\node_modul
es\axe-core\axe.js:13405:41)
    at D:\react\React-App-000739\Prompt-Library\frontend\node_modules\axe-core\axe.j
s:27328:54
    at Array.some (<anonymous>)
    at hasRealTextChildren (D:\react\React-App-000739\Prompt-Library\frontend\node_m
odules\axe-core\axe.js:27327:35)
    at Rule.colorContrastMatches [as matches] (D:\react\React-App-000739\Prompt-Libr
ary\frontend\node_modules\axe-core\axe.js:27292:12) [90mundefined[39m

 [32mΓ£ô[39m src/components/layout/__tests__/a11y.Layout.test.tsx [2m([22m[2m1 test[22m[2m)[22m[32m 294[2mms[22m[39m
 [32mΓ£ô[39m src/components/beta/BetaApplicationForm.test.tsx [2m([22m[2m2 tests[22m[2m)[22m[32m 219[2mms[22m[39m
[90mstderr[2m | src/components/execution/__tests__/PromptExecutor.test.tsx[2m > 
[22m[2mPromptExecutor streaming UI[2m > [22m[2mshows replay toggle after 
stream completes
[22m[39mError loading models: TypeError: api is not a function
    at loadAvailableModels [90m(D:\react\React-App-000739\Prompt-Library\frontend\
[39msrc\components\execution\ModelSelector.tsx:60:28[90m)[39m
    at [90mD:\react\React-App-000739\Prompt-Library\frontend\[39msrc\components\ex
ecution\ModelSelector.tsx:54:5
    at commitHookEffectListMount [90m(D:\react\React-App-000739\Prompt-Library\fron
tend\[39mnode_modules\[4mreact-dom[24m\cjs\react-dom.development.js:23189:26[90m
)[39m
    at commitPassiveMountOnFiber [90m(D:\react\React-App-000739\Prompt-Library\fron
tend\[39mnode_modules\[4mreact-dom[24m\cjs\react-dom.development.js:24970:11[90m
)[39m
    at commitPassiveMountEffects_complete [90m(D:\react\React-App-000739\Prompt-Lib
rary\frontend\[39mnode_modules\[4mreact-dom[24m\cjs\react-dom.development.js:2493
0:9[90m)[39m
    at commitPassiveMountEffects_begin [90m(D:\react\React-App-000739\Prompt-Librar
y\frontend\[39mnode_modules\[4mreact-dom[24m\cjs\react-dom.development.js:24917:7
[90m)[39m
    at commitPassiveMountEffects [90m(D:\react\React-App-000739\Prompt-Library\fron
tend\[39mnode_modules\[4mreact-dom[24m\cjs\react-dom.development.js:24905:3[90m)
[39m
    at flushPassiveEffectsImpl [90m(D:\react\React-App-000739\Prompt-Library\fronte
nd\[39mnode_modules\[4mreact-dom[24m\cjs\react-dom.development.js:27078:3[90m)[
39m
    at flushPassiveEffects [90m(D:\react\React-App-000739\Prompt-Library\frontend\
[39mnode_modules\[4mreact-dom[24m\cjs\react-dom.development.js:27023:14[90m)[39m
    at commitRootImpl [90m(D:\react\React-App-000739\Prompt-Library\frontend\[39mn
ode_modules\[4mreact-dom[24m\cjs\react-dom.development.js:26974:5[90m)[39m

 [32mΓ£ô[39m src/components/execution/__tests__/PromptExecutor.test.tsx [2m([22m[2m12 tests[22m[2m | [22m[33m10 skipped[39m[2m)[22m[32m 195[2mms[22m[39m
[90mstderr[2m | src/components/layout/__tests__/a11y.BottomSheet.test.tsx[2m > 
[22m[2mAccessibility: RightPanelBottomSheet[2m > [22m[2mhas no basic a11y 
violations when open
[22m[39mError: Not implemented: HTMLCanvasElement.prototype.getContext (without 
installing the canvas npm package)
    at module.exports (D:\react\React-App-000739\Prompt-Library\frontend\node_module
s\jsdom\lib\jsdom\browser\not-implemented.js:9:17)
    at HTMLCanvasElementImpl.getContext (D:\react\React-App-000739\Prompt-Library\fr
ontend\node_modules\jsdom\lib\jsdom\living\nodes\HTMLCanvasElement-impl.js:42:5)
    at HTMLCanvasElement.getContext (D:\react\React-App-000739\Prompt-Library\fronte
nd\node_modules\jsdom\lib\jsdom\living\generated\HTMLCanvasElement.js:131:58)
    at D:\react\React-App-000739\Prompt-Library\frontend\node_modules\axe-core\axe.j
s:13406:49
    at Object.get (D:\react\React-App-000739\Prompt-Library\frontend\node_modules\ax
e-core\axe.js:7722:23)
    at _isIconLigature (D:\react\React-App-000739\Prompt-Library\frontend\node_modul
es\axe-core\axe.js:13405:41)
    at D:\react\React-App-000739\Prompt-Library\frontend\node_modules\axe-core\axe.j
s:27328:54
    at Array.some (<anonymous>)
    at hasRealTextChildren (D:\react\React-App-000739\Prompt-Library\frontend\node_m
odules\axe-core\axe.js:27327:35)
    at Rule.colorContrastMatches [as matches] (D:\react\React-App-000739\Prompt-Libr
ary\frontend\node_modules\axe-core\axe.js:27292:12) [90mundefined[39m

 [32mΓ£ô[39m src/components/layout/__tests__/a11y.BottomSheet.test.tsx [2m([22m[2m1 test[22m[2m)[22m[32m 134[2mms[22m[39m
 [32mΓ£ô[39m src/components/analytics/__tests__/AnalyticsDashboard.realtime.test.tsx [2m([22m[2m1 test[22m[2m)[22m[32m 121[2mms[22m[39m
 [32mΓ£ô[39m src/components/execution/__tests__/ModelComparison.test.tsx [2m([22m[2m1 test[22m[2m)[22m[32m 92[2mms[22m[39m
 [32mΓ£ô[39m src/components/audit/AuditDashboard.test.tsx [2m([22m[2m1 test[22m[2m)[22m[32m 110[2mms[22m[39m
 [32mΓ£ô[39m src/components/layout/__tests__/RightPanel.int.test.tsx [2m([22m[2m2 tests[22m[2m)[22m[32m 101[2mms[22m[39m
 [32mΓ£ô[39m src/components/layout/__tests__/Sidebar.int.test.tsx [2m([22m[2m2 tests[22m[2m)[22m[32m 111[2mms[22m[39m
 [32mΓ£ô[39m src/hooks/__tests__/useKeyboardShortcuts.test.tsx [2m([22m[2m3 tests[22m[2m)[22m[32m 88[2mms[22m[39m
 [32mΓ£ô[39m src/components/execution/__tests__/ChunkHighlighter.test.tsx [2m([22m[2m2 tests[22m[2m)[22m[32m 72[2mms[22m[39m
 [32mΓ£ô[39m src/components/documents/__tests__/DocumentList.test.tsx [2m([22m[2m1 test[22m[2m)[22m[32m 40[2mms[22m[39m
 [32mΓ£ô[39m src/components/workspaces/__tests__/WorkspaceSelector.test.tsx [2m([22m[2m1 test[22m[2m)[22m[32m 46[2mms[22m[39m
 [32mΓ£ô[39m src/hooks/__tests__/useFocusTrap.test.tsx [2m([22m[2m1 test[22m[2m)[22m[32m 41[2mms[22m[39m
 [32mΓ£ô[39m src/hooks/__tests__/useSwipeGestures.test.tsx [2m([22m[2m1 test[22m[2m)[22m[32m 37[2mms[22m[39m

[2m Test Files [22m [1m[32m44 passed[39m[22m[90m (44)[39m
[2m      Tests [22m [1m[32m394 passed[39m[22m[2m | [22m[33m15 skipped[39m[90m (409)[39m
[2m   Start at [22m 13:20:03
[2m   Duration [22m 49.64s[2m (transform 3.74s, setup 1.05s, collect 8.68s, tests 36.17s, environment 509ms, prepare 87ms)[22m


> frontend@0.0.0 test:unit:infra
> node --max-old-space-size=4096 ./node_modules/vitest/vitest.mjs --run --config vitest.unit-infra.config.ts


[1m[46m RUN [49m[22m [36mv3.2.4 [39m[90mD:/react/React-App-000739/Prompt-Library/frontend[39m

[90mstderr[2m | src/services/__tests__/promptGenerationService.test.ts[2m > 
[22m[2mPromptGenerationService[2m > [22m[2mgeneratePrompt[2m > 
[22m[2mshould handle missing generated prompt
[22m[39mError generating prompt: Error: No prompt was generated
    at PromptGenerationService.processResponse [90m(D:\react\React-App-000739\Promp
t-Library\frontend\[39msrc\services\promptGenerationService.ts:73:13[90m)[39m
    at PromptGenerationService.generatePrompt [90m(D:\react\React-App-000739\Prompt
-Library\frontend\[39msrc\services\promptGenerationService.ts:44:19[90m)[39m
[90m    at processTicksAndRejections (node:internal/process/task_queues:95:5)[39m

[90mstderr[2m | src/services/__tests__/promptGenerationService.test.ts[2m > 
[22m[2mPromptGenerationService[2m > [22m[2mgeneratePrompt[2m > 
[22m[2mshould handle invalid response format
[22m[39mError generating prompt: Error: Invalid response format from prompt 
generation service
    at PromptGenerationService.processResponse [90m(D:\react\React-App-000739\Promp
t-Library\frontend\[39msrc\services\promptGenerationService.ts:68:13[90m)[39m
    at PromptGenerationService.generatePrompt [90m(D:\react\React-App-000739\Prompt
-Library\frontend\[39msrc\services\promptGenerationService.ts:44:19[90m)[39m
[90m    at processTicksAndRejections (node:internal/process/task_queues:95:5)[39m

[90mstderr[2m | src/services/__tests__/promptGenerationService.test.ts[2m > 
[22m[2mPromptGenerationService[2m > [22m[2mgeneratePrompt[2m > 
[22m[2mshould handle authentication errors
[22m[39mError generating prompt: Error: Authentication failed
    at [90mD:\react\React-App-000739\Prompt-Library\frontend\[39msrc\services\__te
sts__\promptGenerationService.test.ts:137:25
    at [90mfile:///D:/react/React-App-000739/Prompt-Library/frontend/[39mnode_modu
les/[4m@vitest[24m/runner/dist/chunk-hooks.js:155:11
    at [90mfile:///D:/react/React-App-000739/Prompt-Library/frontend/[39mnode_modu
les/[4m@vitest[24m/runner/dist/chunk-hooks.js:752:26
    at [90mfile:///D:/react/React-App-000739/Prompt-Library/frontend/[39mnode_modu
les/[4m@vitest[24m/runner/dist/chunk-hooks.js:1897:20
    at new Promise (<anonymous>)
    at runWithTimeout [90m(file:///D:/react/React-App-000739/Prompt-Library/fronten
d/[39mnode_modules/[4m@vitest[24m/runner/dist/chunk-hooks.js:1863:10[90m)[39m
    at runTest [90m(file:///D:/react/React-App-000739/Prompt-Library/frontend/[39m
node_modules/[4m@vitest[24m/runner/dist/chunk-hooks.js:1574:12[90m)[39m
[90m    at processTicksAndRejections (node:internal/process/task_queues:95:5)[39m
    at runSuite [90m(file:///D:/react/React-App-000739/Prompt-Library/frontend/[39
mnode_modules/[4m@vitest[24m/runner/dist/chunk-hooks.js:1729:8[90m)[39m
    at runSuite [90m(file:///D:/react/React-App-000739/Prompt-Library/frontend/[39
mnode_modules/[4m@vitest[24m/runner/dist/chunk-hooks.js:1729:8[90m)[39m {
  code: [32m'unauthenticated'[39m
}

[90mstderr[2m | src/services/__tests__/promptGenerationService.test.ts[2m > 
[22m[2mPromptGenerationService[2m > [22m[2mgeneratePrompt[2m > 
[22m[2mshould handle permission errors
[22m[39mError generating prompt: Error: Permission denied
    at [90mD:\react\React-App-000739\Prompt-Library\frontend\[39msrc\services\__te
sts__\promptGenerationService.test.ts:147:31
    at [90mfile:///D:/react/React-App-000739/Prompt-Library/frontend/[39mnode_modu
les/[4m@vitest[24m/runner/dist/chunk-hooks.js:155:11
    at [90mfile:///D:/react/React-App-000739/Prompt-Library/frontend/[39mnode_modu
les/[4m@vitest[24m/runner/dist/chunk-hooks.js:752:26
    at [90mfile:///D:/react/React-App-000739/Prompt-Library/frontend/[39mnode_modu
les/[4m@vitest[24m/runner/dist/chunk-hooks.js:1897:20
    at new Promise (<anonymous>)
    at runWithTimeout [90m(file:///D:/react/React-App-000739/Prompt-Library/fronten
d/[39mnode_modules/[4m@vitest[24m/runner/dist/chunk-hooks.js:1863:10[90m)[39m
    at runTest [90m(file:///D:/react/React-App-000739/Prompt-Library/frontend/[39m
node_modules/[4m@vitest[24m/runner/dist/chunk-hooks.js:1574:12[90m)[39m
[90m    at processTicksAndRejections (node:internal/process/task_queues:95:5)[39m
    at runSuite [90m(file:///D:/react/React-App-000739/Prompt-Library/frontend/[39
mnode_modules/[4m@vitest[24m/runner/dist/chunk-hooks.js:1729:8[90m)[39m
    at runSuite [90m(file:///D:/react/React-App-000739/Prompt-Library/frontend/[39
mnode_modules/[4m@vitest[24m/runner/dist/chunk-hooks.js:1729:8[90m)[39m {
  code: [32m'permission-denied'[39m
}

[90mstderr[2m | src/services/__tests__/promptGenerationService.test.ts[2m > 
[22m[2mPromptGenerationService[2m > [22m[2mgeneratePrompt[2m > 
[22m[2mshould handle service unavailable errors
[22m[39mError generating prompt: Error: Service unavailable
    at [90mD:\react\React-App-000739\Prompt-Library\frontend\[39msrc\services\__te
sts__\promptGenerationService.test.ts:157:32
    at [90mfile:///D:/react/React-App-000739/Prompt-Library/frontend/[39mnode_modu
les/[4m@vitest[24m/runner/dist/chunk-hooks.js:155:11
    at [90mfile:///D:/react/React-App-000739/Prompt-Library/frontend/[39mnode_modu
les/[4m@vitest[24m/runner/dist/chunk-hooks.js:752:26
    at [90mfile:///D:/react/React-App-000739/Prompt-Library/frontend/[39mnode_modu
les/[4m@vitest[24m/runner/dist/chunk-hooks.js:1897:20
    at new Promise (<anonymous>)
    at runWithTimeout [90m(file:///D:/react/React-App-000739/Prompt-Library/fronten
d/[39mnode_modules/[4m@vitest[24m/runner/dist/chunk-hooks.js:1863:10[90m)[39m
    at runTest [90m(file:///D:/react/React-App-000739/Prompt-Library/frontend/[39m
node_modules/[4m@vitest[24m/runner/dist/chunk-hooks.js:1574:12[90m)[39m
[90m    at processTicksAndRejections (node:internal/process/task_queues:95:5)[39m
    at runSuite [90m(file:///D:/react/React-App-000739/Prompt-Library/frontend/[39
mnode_modules/[4m@vitest[24m/runner/dist/chunk-hooks.js:1729:8[90m)[39m
    at runSuite [90m(file:///D:/react/React-App-000739/Prompt-Library/frontend/[39
mnode_modules/[4m@vitest[24m/runner/dist/chunk-hooks.js:1729:8[90m)[39m {
  code: [32m'unavailable'[39m
}

[90mstderr[2m | src/services/__tests__/promptGenerationService.test.ts[2m > 
[22m[2mPromptGenerationService[2m > [22m[2mgeneratePrompt[2m > 
[22m[2mshould handle quota exceeded errors
[22m[39mError generating prompt: Error: Quota exceeded for this request
    at [90mD:\react\React-App-000739\Prompt-Library\frontend\[39msrc\services\__te
sts__\promptGenerationService.test.ts:167:26
    at [90mfile:///D:/react/React-App-000739/Prompt-Library/frontend/[39mnode_modu
les/[4m@vitest[24m/runner/dist/chunk-hooks.js:155:11
    at [90mfile:///D:/react/React-App-000739/Prompt-Library/frontend/[39mnode_modu
les/[4m@vitest[24m/runner/dist/chunk-hooks.js:752:26
    at [90mfile:///D:/react/React-App-000739/Prompt-Library/frontend/[39mnode_modu
les/[4m@vitest[24m/runner/dist/chunk-hooks.js:1897:20
    at new Promise (<anonymous>)
    at runWithTimeout [90m(file:///D:/react/React-App-000739/Prompt-Library/fronten
d/[39mnode_modules/[4m@vitest[24m/runner/dist/chunk-hooks.js:1863:10[90m)[39m
    at runTest [90m(file:///D:/react/React-App-000739/Prompt-Library/frontend/[39m
node_modules/[4m@vitest[24m/runner/dist/chunk-hooks.js:1574:12[90m)[39m
[90m    at processTicksAndRejections (node:internal/process/task_queues:95:5)[39m
    at runSuite [90m(file:///D:/react/React-App-000739/Prompt-Library/frontend/[39
mnode_modules/[4m@vitest[24m/runner/dist/chunk-hooks.js:1729:8[90m)[39m
    at runSuite [90m(file:///D:/react/React-App-000739/Prompt-Library/frontend/[39
mnode_modules/[4m@vitest[24m/runner/dist/chunk-hooks.js:1729:8[90m)[39m

[90mstderr[2m | src/services/__tests__/promptGenerationService.test.ts[2m > 
[22m[2mPromptGenerationService[2m > [22m[2menhancePrompt[2m > [22m[2mshould 
handle enhancement errors
[22m[39mError enhancing prompt: Error: Enhancement failed
    at [90mD:\react\React-App-000739\Prompt-Library\frontend\[39msrc\services\__te
sts__\promptGenerationService.test.ts:371:46
    at [90mfile:///D:/react/React-App-000739/Prompt-Library/frontend/[39mnode_modu
les/[4m@vitest[24m/runner/dist/chunk-hooks.js:155:11
    at [90mfile:///D:/react/React-App-000739/Prompt-Library/frontend/[39mnode_modu
les/[4m@vitest[24m/runner/dist/chunk-hooks.js:752:26
    at [90mfile:///D:/react/React-App-000739/Prompt-Library/frontend/[39mnode_modu
les/[4m@vitest[24m/runner/dist/chunk-hooks.js:1897:20
    at new Promise (<anonymous>)
    at runWithTimeout [90m(file:///D:/react/React-App-000739/Prompt-Library/fronten
d/[39mnode_modules/[4m@vitest[24m/runner/dist/chunk-hooks.js:1863:10[90m)[39m
    at runTest [90m(file:///D:/react/React-App-000739/Prompt-Library/frontend/[39m
node_modules/[4m@vitest[24m/runner/dist/chunk-hooks.js:1574:12[90m)[39m
[90m    at processTicksAndRejections (node:internal/process/task_queues:95:5)[39m
    at runSuite [90m(file:///D:/react/React-App-000739/Prompt-Library/frontend/[39
mnode_modules/[4m@vitest[24m/runner/dist/chunk-hooks.js:1729:8[90m)[39m
    at runSuite [90m(file:///D:/react/React-App-000739/Prompt-Library/frontend/[39
mnode_modules/[4m@vitest[24m/runner/dist/chunk-hooks.js:1729:8[90m)[39m

 [32mΓ£ô[39m src/services/__tests__/promptGenerationService.test.ts [2m([22m[2m18 tests[22m[2m)[22m[32m 62[2mms[22m[39m
 [32mΓ£ô[39m src/utils/__tests__/retryMechanism.test.ts [2m([22m[2m23 tests[22m[2m)[22m[32m 41[2mms[22m[39m
[90mstdout[2m | src/services/__tests__/userFeedbackService.test.ts[2m > [22m[2mUserFeedbackService[2m > [22m[2mcollectImplicitFeedback[2m > [22m[2mshould collect implicit feedback for search refinement
[22m[39mFeedback batch: [
  {
    id: [32m'pxj3477tz'[39m,
    userId: [32m'current-user-id'[39m,
    sessionId: [32m'current-session-id'[39m,
    timestamp: [35m2025-10-16T07:50:58.638Z[39m,
    type: [32m'search_relevance'[39m,
    context: {
      page: [32m'search'[39m,
      feature: [32m'search_refinement'[39m,
      searchQuery: [32m'original query'[39m
    },
    rating: [33m2[39m,
    comment: [90mundefined[39m,
    metadata: {
      newQuery: [32m'refined query'[39m,
      implicitAction: [32m'search_refined'[39m,
      isImplicit: [33mtrue[39m,
      userAgent: [32m'Mozilla/5.0 (Test Browser)'[39m,
      viewport: [32m'1920x1080'[39m,
      url: [32m'https://example.com/test'[39m
    }
  }
]

[90mstdout[2m | src/services/__tests__/userFeedbackService.test.ts[2m > [22m[2mUserFeedbackService[2m > [22m[2mcollectImplicitFeedback[2m > [22m[2mshould collect implicit feedback for search refinement
[22m[39mSent 1 feedback items to backend

[90mstdout[2m | src/services/__tests__/userFeedbackService.test.ts[2m > [22m[2mUserFeedbackService[2m > [22m[2mcollectImplicitFeedback[2m > [22m[2mshould collect implicit feedback for quick exits
[22m[39mFeedback batch: [
  {
    id: [32m'2dghmwi13'[39m,
    userId: [32m'current-user-id'[39m,
    sessionId: [32m'current-session-id'[39m,
    timestamp: [35m2025-10-16T07:50:58.644Z[39m,
    type: [32m'ui_usability'[39m,
    context: { page: [32m'search'[39m, feature: [32m'search_results'[39m },
    rating: [33m1[39m,
    comment: [90mundefined[39m,
    metadata: {
      timeOnPage: [33m5000[39m,
      implicitAction: [32m'quick_exit'[39m,
      isImplicit: [33mtrue[39m,
      userAgent: [32m'Mozilla/5.0 (Test Browser)'[39m,
      viewport: [32m'1920x1080'[39m,
      url: [32m'https://example.com/test'[39m
    }
  }
]

[90mstdout[2m | src/services/__tests__/userFeedbackService.test.ts[2m > [22m[2mUserFeedbackService[2m > [22m[2mcollectImplicitFeedback[2m > [22m[2mshould collect implicit feedback for quick exits
[22m[39mSent 1 feedback items to backend

 [32mΓ£ô[39m src/services/__tests__/userFeedbackService.test.ts [2m([22m[2m22 tests[22m[2m)[22m[32m 30[2mms[22m[39m
[90mstderr[2m | src/services/__tests__/ratingService.test.ts[2m > 
[22m[2mRating Service[2m > [22m[2msubmitRating[2m > [22m[2mshould handle 
submission errors
[22m[39mError submitting rating: Error: Network error
    at [90mD:\react\React-App-000739\Prompt-Library\frontend\[39msrc\services\__te
sts__\ratingService.test.ts:79:54
    at [90mfile:///D:/react/React-App-000739/Prompt-Library/frontend/[39mnode_modu
les/[4m@vitest[24m/runner/dist/chunk-hooks.js:155:11
    at [90mfile:///D:/react/React-App-000739/Prompt-Library/frontend/[39mnode_modu
les/[4m@vitest[24m/runner/dist/chunk-hooks.js:752:26
    at [90mfile:///D:/react/React-App-000739/Prompt-Library/frontend/[39mnode_modu
les/[4m@vitest[24m/runner/dist/chunk-hooks.js:1897:20
    at new Promise (<anonymous>)
    at runWithTimeout [90m(file:///D:/react/React-App-000739/Prompt-Library/fronten
d/[39mnode_modules/[4m@vitest[24m/runner/dist/chunk-hooks.js:1863:10[90m)[39m
    at runTest [90m(file:///D:/react/React-App-000739/Prompt-Library/frontend/[39m
node_modules/[4m@vitest[24m/runner/dist/chunk-hooks.js:1574:12[90m)[39m
[90m    at processTicksAndRejections (node:internal/process/task_queues:95:5)[39m
    at runSuite [90m(file:///D:/react/React-App-000739/Prompt-Library/frontend/[39
mnode_modules/[4m@vitest[24m/runner/dist/chunk-hooks.js:1729:8[90m)[39m
    at runSuite [90m(file:///D:/react/React-App-000739/Prompt-Library/frontend/[39
mnode_modules/[4m@vitest[24m/runner/dist/chunk-hooks.js:1729:8[90m)[39m

[90mstderr[2m | src/services/__tests__/ratingService.test.ts[2m > 
[22m[2mRating Service[2m > [22m[2msubmitRating[2m > [22m[2mshould handle 
API error responses
[22m[39mError submitting rating: Error: Invalid rating
    at Module.submitRating [90m(D:\react\React-App-000739\Prompt-Library\frontend\
[39msrc\services\ratingService.ts:75:13[90m)[39m
[90m    at processTicksAndRejections (node:internal/process/task_queues:95:5)[39m

[90mstderr[2m | src/services/__tests__/ratingService.test.ts[2m > 
[22m[2mRating Service[2m > [22m[2mError Handling[2m > [22m[2mshould handle 
network errors gracefully
[22m[39mError fetching ratings: Error: Network error
    at [90mD:\react\React-App-000739\Prompt-Library\frontend\[39msrc\services\__te
sts__\ratingService.test.ts:279:54
    at [90mfile:///D:/react/React-App-000739/Prompt-Library/frontend/[39mnode_modu
les/[4m@vitest[24m/runner/dist/chunk-hooks.js:155:11
    at [90mfile:///D:/react/React-App-000739/Prompt-Library/frontend/[39mnode_modu
les/[4m@vitest[24m/runner/dist/chunk-hooks.js:752:26
    at [90mfile:///D:/react/React-App-000739/Prompt-Library/frontend/[39mnode_modu
les/[4m@vitest[24m/runner/dist/chunk-hooks.js:1897:20
    at new Promise (<anonymous>)
    at runWithTimeout [90m(file:///D:/react/React-App-000739/Prompt-Library/fronten
d/[39mnode_modules/[4m@vitest[24m/runner/dist/chunk-hooks.js:1863:10[90m)[39m
    at runTest [90m(file:///D:/react/React-App-000739/Prompt-Library/frontend/[39m
node_modules/[4m@vitest[24m/runner/dist/chunk-hooks.js:1574:12[90m)[39m
[90m    at processTicksAndRejections (node:internal/process/task_queues:95:5)[39m
    at runSuite [90m(file:///D:/react/React-App-000739/Prompt-Library/frontend/[39
mnode_modules/[4m@vitest[24m/runner/dist/chunk-hooks.js:1729:8[90m)[39m
    at runSuite [90m(file:///D:/react/React-App-000739/Prompt-Library/frontend/[39
mnode_modules/[4m@vitest[24m/runner/dist/chunk-hooks.js:1729:8[90m)[39m

[90mstderr[2m | src/services/__tests__/ratingService.test.ts[2m > 
[22m[2mRating Service[2m > [22m[2mError Handling[2m > [22m[2mshould handle 
API errors gracefully
[22m[39mError fetching rating aggregates: Error: Failed to fetch rating aggregates
    at Module.getRatingAggregates [90m(D:\react\React-App-000739\Prompt-Library\fro
ntend\[39msrc\services\ratingService.ts:122:13[90m)[39m
[90m    at processTicksAndRejections (node:internal/process/task_queues:95:5)[39m

 [32mΓ£ô[39m src/services/__tests__/ratingService.test.ts [2m([22m[2m13 tests[22m[2m)[22m[32m 32[2mms[22m[39m
[90mstderr[2m | src/services/__tests__/documentService.test.ts[2m > 
[22m[2mDocumentService[2m > [22m[2mdeleteDocument[2m > [22m[2mhandles file 
deletion errors gracefully
[22m[39mFile may already be deleted from storage: Error: File not found
    at [90mD:\react\React-App-000739\Prompt-Library\frontend\[39msrc\services\__te
sts__\documentService.test.ts:220:47
    at [90mfile:///D:/react/React-App-000739/Prompt-Library/frontend/[39mnode_modu
les/[4m@vitest[24m/runner/dist/chunk-hooks.js:155:11
    at [90mfile:///D:/react/React-App-000739/Prompt-Library/frontend/[39mnode_modu
les/[4m@vitest[24m/runner/dist/chunk-hooks.js:752:26
    at [90mfile:///D:/react/React-App-000739/Prompt-Library/frontend/[39mnode_modu
les/[4m@vitest[24m/runner/dist/chunk-hooks.js:1897:20
    at new Promise (<anonymous>)
    at runWithTimeout [90m(file:///D:/react/React-App-000739/Prompt-Library/fronten
d/[39mnode_modules/[4m@vitest[24m/runner/dist/chunk-hooks.js:1863:10[90m)[39m
    at runTest [90m(file:///D:/react/React-App-000739/Prompt-Library/frontend/[39m
node_modules/[4m@vitest[24m/runner/dist/chunk-hooks.js:1574:12[90m)[39m
[90m    at processTicksAndRejections (node:internal/process/task_queues:95:5)[39m
    at runSuite [90m(file:///D:/react/React-App-000739/Prompt-Library/frontend/[39
mnode_modules/[4m@vitest[24m/runner/dist/chunk-hooks.js:1729:8[90m)[39m
    at runSuite [90m(file:///D:/react/React-App-000739/Prompt-Library/frontend/[39
mnode_modules/[4m@vitest[24m/runner/dist/chunk-hooks.js:1729:8[90m)[39m

[90mstderr[2m | src/services/__tests__/documentService.test.ts[2m > 
[22m[2mDocumentService[2m > [22m[2mdeleteDocument[2m > [22m[2mthrows error 
when document not found
[22m[39mError deleting document: Error: Document not found
    at Function.deleteDocument [90m(D:\react\React-App-000739\Prompt-Library\fronte
nd\[39msrc\services\documentService.ts:247:15[90m)[39m
[90m    at processTicksAndRejections (node:internal/process/task_queues:95:5)[39m

 [32mΓ£ô[39m src/services/__tests__/documentService.test.ts [2m([22m[2m17 tests[22m[2m | [22m[33m2 skipped[39m[2m)[22m[32m 33[2mms[22m[39m
 [32mΓ£ô[39m src/services/__tests__/performanceMonitoringService.test.ts [2m([22m[2m14 tests[22m[2m)[22m[32m 20[2mms[22m[39m
 [32mΓ£ô[39m src/services/__tests__/firestore.test.ts [2m([22m[2m5 tests[22m[2m)[22m[32m 14[2mms[22m[39m
 [32mΓ£ô[39m src/utils/__tests__/modelRecommendation.test.ts [2m([22m[2m4 tests[22m[2m)[22m[32m 5[2mms[22m[39m
 [32mΓ£ô[39m src/utils/__tests__/costPredictor.test.ts [2m([22m[2m3 tests[22m[2m)[22m[32m 5[2mms[22m[39m

[2m Test Files [22m [1m[32m9 passed[39m[22m[90m (9)[39m
[2m      Tests [22m [1m[32m117 passed[39m[22m[2m | [22m[33m2 skipped[39m[90m (119)[39m
[2m   Start at [22m 13:20:55
[2m   Duration [22m 4.31s[2m (transform 664ms, setup 698ms, collect 930ms, tests 243ms, environment 1.16s, prepare 187ms)[22m


> frontend@0.0.0 test:unit:misc
> node --max-old-space-size=4096 ./node_modules/vitest/vitest.mjs --run --config vitest.unit-misc.config.ts


[1m[46m RUN [49m[22m [36mv3.2.4 [39m[90mD:/react/React-App-000739/Prompt-Library/frontend[39m

 [32mΓ£ô[39m src/test/edge-cases.test.ts [2m([22m[2m20 tests[22m[2m)[22m[33m 2023[2mms[22m[39m
   [33m[2mΓ£ô[22m[39m Edge Case Tests[2m > [22mNetwork Failure Scenarios[2m > [22mshould handle high latency scenarios [33m 1010[2mms[22m[39m
   [33m[2mΓ£ô[22m[39m Edge Case Tests[2m > [22mNetwork Failure Scenarios[2m > [22mshould handle timeout scenarios [33m 508[2mms[22m[39m
   [33m[2mΓ£ô[22m[39m Edge Case Tests[2m > [22mNetwork Failure Scenarios[2m > [22mshould handle retry logic with exponential backoff [33m 319[2mms[22m[39m
 [32mΓ£ô[39m src/test/performance/load.test.ts [2m([22m[2m4 tests[22m[2m)[22m[33m 1003[2mms[22m[39m
   [33m[2mΓ£ô[22m[39m Load Testing[2m > [22mshould not have memory leaks [33m 367[2mms[22m[39m
 [32mΓ£ô[39m src/test/integration.test.ts [2m([22m[2m11 tests[22m[2m)[22m[33m 1022[2mms[22m[39m
 [32mΓ£ô[39m src/test/simple-mock.test.tsx [2m([22m[2m20 tests[22m[2m)[22m[33m 682[2mms[22m[39m
[90mstderr[2m | src/test/Settings.test.tsx[2m > [22m[2mSettings Component[2m 
> [22m[2mhandles loading error
[22m[39mFailed to fetch settings: Error: Failed to load
    at [90mD:\react\React-App-000739\Prompt-Library\frontend\[39msrc\test\Settings
.test.tsx:274:67
    at [90mfile:///D:/react/React-App-000739/Prompt-Library/frontend/[39mnode_modu
les/[4m@vitest[24m/runner/dist/chunk-hooks.js:155:11
    at [90mfile:///D:/react/React-App-000739/Prompt-Library/frontend/[39mnode_modu
les/[4m@vitest[24m/runner/dist/chunk-hooks.js:752:26
    at [90mfile:///D:/react/React-App-000739/Prompt-Library/frontend/[39mnode_modu
les/[4m@vitest[24m/runner/dist/chunk-hooks.js:1897:20
    at new Promise (<anonymous>)
    at runWithTimeout [90m(file:///D:/react/React-App-000739/Prompt-Library/fronten
d/[39mnode_modules/[4m@vitest[24m/runner/dist/chunk-hooks.js:1863:10[90m)[39m
    at runTest [90m(file:///D:/react/React-App-000739/Prompt-Library/frontend/[39m
node_modules/[4m@vitest[24m/runner/dist/chunk-hooks.js:1574:12[90m)[39m
    at runSuite [90m(file:///D:/react/React-App-000739/Prompt-Library/frontend/[39
mnode_modules/[4m@vitest[24m/runner/dist/chunk-hooks.js:1729:8[90m)[39m
    at runSuite [90m(file:///D:/react/React-App-000739/Prompt-Library/frontend/[39
mnode_modules/[4m@vitest[24m/runner/dist/chunk-hooks.js:1729:8[90m)[39m
    at runFiles [90m(file:///D:/react/React-App-000739/Prompt-Library/frontend/[39
mnode_modules/[4m@vitest[24m/runner/dist/chunk-hooks.js:1787:3[90m)[39m

[90mstderr[2m | src/test/Settings.test.tsx[2m > [22m[2mSettings Component[2m 
> [22m[2mhandles save error
[22m[39mFailed to save settings: Error: Save failed
    at [90mD:\react\React-App-000739\Prompt-Library\frontend\[39msrc\test\Settings
.test.tsx:286:62
    at [90mfile:///D:/react/React-App-000739/Prompt-Library/frontend/[39mnode_modu
les/[4m@vitest[24m/runner/dist/chunk-hooks.js:155:11
    at [90mfile:///D:/react/React-App-000739/Prompt-Library/frontend/[39mnode_modu
les/[4m@vitest[24m/runner/dist/chunk-hooks.js:752:26
    at [90mfile:///D:/react/React-App-000739/Prompt-Library/frontend/[39mnode_modu
les/[4m@vitest[24m/runner/dist/chunk-hooks.js:1897:20
    at new Promise (<anonymous>)
    at runWithTimeout [90m(file:///D:/react/React-App-000739/Prompt-Library/fronten
d/[39mnode_modules/[4m@vitest[24m/runner/dist/chunk-hooks.js:1863:10[90m)[39m
    at runTest [90m(file:///D:/react/React-App-000739/Prompt-Library/frontend/[39m
node_modules/[4m@vitest[24m/runner/dist/chunk-hooks.js:1574:12[90m)[39m
    at runSuite [90m(file:///D:/react/React-App-000739/Prompt-Library/frontend/[39
mnode_modules/[4m@vitest[24m/runner/dist/chunk-hooks.js:1729:8[90m)[39m
    at runSuite [90m(file:///D:/react/React-App-000739/Prompt-Library/frontend/[39
mnode_modules/[4m@vitest[24m/runner/dist/chunk-hooks.js:1729:8[90m)[39m
    at runFiles [90m(file:///D:/react/React-App-000739/Prompt-Library/frontend/[39
mnode_modules/[4m@vitest[24m/runner/dist/chunk-hooks.js:1787:3[90m)[39m

 [32mΓ£ô[39m src/test/Settings.test.tsx [2m([22m[2m13 tests[22m[2m)[22m[33m 1067[2mms[22m[39m
[90mstderr[2m | src/test/complex-component.test.tsx[2m > [22m[2mComplex 
Component Interactions[2m > [22m[2mAuthentication Flow Integration[2m > 
[22m[2mshould handle complete authentication flow
[22m[39mΓÜá∩╕Å React Router Future Flag Warning: React Router will begin wrapping 
state updates in `React.startTransition` in v7. You can use the 
`v7_startTransition` future flag to opt-in early. For more information, see 
https://reactrouter.com/v6/upgrading/future#v7_starttransition.
ΓÜá∩╕Å React Router Future Flag Warning: Relative route resolution within Splat 
routes is changing in v7. You can use the `v7_relativeSplatPath` future flag to 
opt-in early. For more information, see 
https://reactrouter.com/v6/upgrading/future#v7_relativesplatpath.

[90mstderr[2m | src/test/complex-component.test.tsx[2m > [22m[2mComplex 
Component Interactions[2m > [22m[2mError Boundary Integration[2m > 
[22m[2mshould handle component errors gracefully
[22m[39mError: Uncaught [Error: Test error]
    at reportException (D:\react\React-App-000739\Prompt-Library\frontend\node_modul
es\jsdom\lib\jsdom\living\helpers\runtime-script-errors.js:66:24)
    at innerInvokeEventListeners (D:\react\React-App-000739\Prompt-Library\frontend\
node_modules\jsdom\lib\jsdom\living\events\EventTarget-impl.js:353:9)
    at invokeEventListeners (D:\react\React-App-000739\Prompt-Library\frontend\node_
modules\jsdom\lib\jsdom\living\events\EventTarget-impl.js:286:3)
    at HTMLUnknownElementImpl._dispatch (D:\react\React-App-000739\Prompt-Library\fr
ontend\node_modules\jsdom\lib\jsdom\living\events\EventTarget-impl.js:233:9)
    at HTMLUnknownElementImpl.dispatchEvent (D:\react\React-App-000739\Prompt-Librar
y\frontend\node_modules\jsdom\lib\jsdom\living\events\EventTarget-impl.js:104:17)
    at HTMLUnknownElement.dispatchEvent (D:\react\React-App-000739\Prompt-Library\fr
ontend\node_modules\jsdom\lib\jsdom\living\generated\EventTarget.js:241:34)
    at Object.invokeGuardedCallbackDev (D:\react\React-App-000739\Prompt-Library\fro
ntend\node_modules\react-dom\cjs\react-dom.development.js:4213:16)
    at invokeGuardedCallback (D:\react\React-App-000739\Prompt-Library\frontend\node
_modules\react-dom\cjs\react-dom.development.js:4277:31)
    at beginWork$1 (D:\react\React-App-000739\Prompt-Library\frontend\node_modules\r
eact-dom\cjs\react-dom.development.js:27490:7)
    at performUnitOfWork (D:\react\React-App-000739\Prompt-Library\frontend\node_mod
ules\react-dom\cjs\react-dom.development.js:26599:12) Error: Test error
    at ErrorComponent [90m(D:\react\React-App-000739\Prompt-Library\frontend\[39ms
rc\test\complex-component.test.tsx:380:17[90m)[39m
    at renderWithHooks [90m(D:\react\React-App-000739\Prompt-Library\frontend\[39m
node_modules\[4mreact-dom[24m\cjs\react-dom.development.js:15486:18[90m)[39m
    at updateFunctionComponent [90m(D:\react\React-App-000739\Prompt-Library\fronte
nd\[39mnode_modules\[4mreact-dom[24m\cjs\react-dom.development.js:19617:20[90m)
[39m
    at beginWork [90m(D:\react\React-App-000739\Prompt-Library\frontend\[39mnode_m
odules\[4mreact-dom[24m\cjs\react-dom.development.js:21640:16[90m)[39m
    at HTMLUnknownElement.callCallback [90m(D:\react\React-App-000739\Prompt-Librar
y\frontend\[39mnode_modules\[4mreact-dom[24m\cjs\react-dom.development.js:4164:14
[90m)[39m
    at HTMLUnknownElement.callTheUserObjectsOperation [90m(D:\react\React-App-00073
9\Prompt-Library\frontend\[39mnode_modules\[4mjsdom[24m\lib\jsdom\living\generate
d\EventListener.js:26:30[90m)[39m
    at innerInvokeEventListeners [90m(D:\react\React-App-000739\Prompt-Library\fron
tend\[39mnode_modules\[4mjsdom[24m\lib\jsdom\living\events\EventTarget-impl.js:35
0:25[90m)[39m
    at invokeEventListeners [90m(D:\react\React-App-000739\Prompt-Library\frontend\
[39mnode_modules\[4mjsdom[24m\lib\jsdom\living\events\EventTarget-impl.js:286:3[
90m)[39m
    at HTMLUnknownElementImpl._dispatch [90m(D:\react\React-App-000739\Prompt-Libra
ry\frontend\[39mnode_modules\[4mjsdom[24m\lib\jsdom\living\events\EventTarget-imp
l.js:233:9[90m)[39m
    at HTMLUnknownElementImpl.dispatchEvent [90m(D:\react\React-App-000739\Prompt-L
ibrary\frontend\[39mnode_modules\[4mjsdom[24m\lib\jsdom\living\events\EventTarget
-impl.js:104:17[90m)[39m
Error: Uncaught [Error: Test error]
    at reportException (D:\react\React-App-000739\Prompt-Library\frontend\node_modul
es\jsdom\lib\jsdom\living\helpers\runtime-script-errors.js:66:24)
    at innerInvokeEventListeners (D:\react\React-App-000739\Prompt-Library\frontend\
node_modules\jsdom\lib\jsdom\living\events\EventTarget-impl.js:353:9)
    at invokeEventListeners (D:\react\React-App-000739\Prompt-Library\frontend\node_
modules\jsdom\lib\jsdom\living\events\EventTarget-impl.js:286:3)
    at HTMLUnknownElementImpl._dispatch (D:\react\React-App-000739\Prompt-Library\fr
ontend\node_modules\jsdom\lib\jsdom\living\events\EventTarget-impl.js:233:9)
    at HTMLUnknownElementImpl.dispatchEvent (D:\react\React-App-000739\Prompt-Librar
y\frontend\node_modules\jsdom\lib\jsdom\living\events\EventTarget-impl.js:104:17)
    at HTMLUnknownElement.dispatchEvent (D:\react\React-App-000739\Prompt-Library\fr
ontend\node_modules\jsdom\lib\jsdom\living\generated\EventTarget.js:241:34)
    at Object.invokeGuardedCallbackDev (D:\react\React-App-000739\Prompt-Library\fro
ntend\node_modules\react-dom\cjs\react-dom.development.js:4213:16)
    at invokeGuardedCallback (D:\react\React-App-000739\Prompt-Library\frontend\node
_modules\react-dom\cjs\react-dom.development.js:4277:31)
    at beginWork$1 (D:\react\React-App-000739\Prompt-Library\frontend\node_modules\r
eact-dom\cjs\react-dom.development.js:27490:7)
    at performUnitOfWork (D:\react\React-App-000739\Prompt-Library\frontend\node_mod
ules\react-dom\cjs\react-dom.development.js:26599:12) Error: Test error
    at ErrorComponent [90m(D:\react\React-App-000739\Prompt-Library\frontend\[39ms
rc\test\complex-component.test.tsx:380:17[90m)[39m
    at renderWithHooks [90m(D:\react\React-App-000739\Prompt-Library\frontend\[39m
node_modules\[4mreact-dom[24m\cjs\react-dom.development.js:15486:18[90m)[39m
    at updateFunctionComponent [90m(D:\react\React-App-000739\Prompt-Library\fronte
nd\[39mnode_modules\[4mreact-dom[24m\cjs\react-dom.development.js:19617:20[90m)
[39m
    at beginWork [90m(D:\react\React-App-000739\Prompt-Library\frontend\[39mnode_m
odules\[4mreact-dom[24m\cjs\react-dom.development.js:21640:16[90m)[39m
    at HTMLUnknownElement.callCallback [90m(D:\react\React-App-000739\Prompt-Librar
y\frontend\[39mnode_modules\[4mreact-dom[24m\cjs\react-dom.development.js:4164:14
[90m)[39m
    at HTMLUnknownElement.callTheUserObjectsOperation [90m(D:\react\React-App-00073
9\Prompt-Library\frontend\[39mnode_modules\[4mjsdom[24m\lib\jsdom\living\generate
d\EventListener.js:26:30[90m)[39m
    at innerInvokeEventListeners [90m(D:\react\React-App-000739\Prompt-Library\fron
tend\[39mnode_modules\[4mjsdom[24m\lib\jsdom\living\events\EventTarget-impl.js:35
0:25[90m)[39m
    at invokeEventListeners [90m(D:\react\React-App-000739\Prompt-Library\frontend\
[39mnode_modules\[4mjsdom[24m\lib\jsdom\living\events\EventTarget-impl.js:286:3[
90m)[39m
    at HTMLUnknownElementImpl._dispatch [90m(D:\react\React-App-000739\Prompt-Libra
ry\frontend\[39mnode_modules\[4mjsdom[24m\lib\jsdom\living\events\EventTarget-imp
l.js:233:9[90m)[39m
    at HTMLUnknownElementImpl.dispatchEvent [90m(D:\react\React-App-000739\Prompt-L
ibrary\frontend\[39mnode_modules\[4mjsdom[24m\lib\jsdom\living\events\EventTarget
-impl.js:104:17[90m)[39m
The above error occurred in the <ErrorComponent> component:

    at ErrorComponent (D:\react\React-App-000739\Prompt-Library\frontend\src\test\co
mplex-component.test.tsx:410:77)
    at ErrorBoundary (D:\react\React-App-000739\Prompt-Library\frontend\src\test\com
plex-component.test.tsx:392:11)
    at div
    at MockToastProvider (D:\react\React-App-000739\Prompt-Library\frontend\src\test
\complex-component.test.tsx:18:30)
    at div
    at MockAuthProvider (D:\react\React-App-000739\Prompt-Library\frontend\src\test\
complex-component.test.tsx:13:29)
    at Router (D:\react\React-App-000739\Prompt-Library\frontend\node_modules\react-
router\dist\umd\react-router.development.js:1207:17)
    at BrowserRouter (D:\react\React-App-000739\Prompt-Library\frontend\node_modules
\react-router-dom\dist\umd\react-router-dom.development.js:695:7)
    at TestWrapper (D:\react\React-App-000739\Prompt-Library\frontend\src\test\compl
ex-component.test.tsx:23:24)

React will try to recreate this component tree from scratch using the error 
boundary you provided, ErrorBoundary.

 [32mΓ£ô[39m src/test/complex-component.test.tsx [2m([22m[2m5 tests[22m[2m)[22m[33m 311[2mms[22m[39m
 [32mΓ£ô[39m src/test/Analytics.test.tsx [2m([22m[2m5 tests[22m[2m)[22m[33m 446[2mms[22m[39m
 [32mΓ£ô[39m src/test/performance.test.tsx [2m([22m[2m13 tests[22m[2m)[22m[32m 299[2mms[22m[39m
 [32mΓ£ô[39m src/test/timing-utilities.test.ts [2m([22m[2m19 tests[22m[2m)[22m[32m 249[2mms[22m[39m
 [32mΓ£ô[39m src/test/timing-sensitive.test.tsx [2m([22m[2m7 tests[22m[2m | [22m[33m1 skipped[39m[2m)[22m[32m 103[2mms[22m[39m
 [32mΓ£ô[39m src/test/SettingsIntegration.test.tsx [2m([22m[2m3 tests[22m[2m)[22m[32m 94[2mms[22m[39m
[90mstderr[2m | src/test/analyticsService.test.ts[2m > [22m[2mAnalytics 
Service[2m > [22m[2mgetUserAnalytics[2m > [22m[2mshould handle empty 
collections gracefully
[22m[39mError getting recent activity: TypeError: executionsSnapshot.forEach is 
not a function
    at AnalyticsService.getRecentActivity [90m(D:\react\React-App-000739\Prompt-Lib
rary\frontend\[39msrc\services\analyticsService.ts:149:26[90m)[39m
[90m    at processTicksAndRejections (node:internal/process/task_queues:95:5)[39m
    at async Promise.all (index 1)
    at AnalyticsService.getUserAnalytics [90m(D:\react\React-App-000739\Prompt-Libr
ary\frontend\[39msrc\services\analyticsService.ts:43:53[90m)[39m
    at [90mD:\react\React-App-000739\Prompt-Library\frontend\[39msrc\test\analytic
sService.test.ts:42:22
    at [90mfile:///D:/react/React-App-000739/Prompt-Library/frontend/[39mnode_modu
les/[4m@vitest[24m/runner/dist/chunk-hooks.js:752:20

[90mstderr[2m | src/test/analyticsService.test.ts[2m > [22m[2mAnalytics 
Service[2m > [22m[2mgetUserAnalytics[2m > [22m[2mshould handle Firebase 
errors gracefully
[22m[39mError getting basic metrics: Error: Firebase connection failed
    at [90mD:\react\React-App-000739\Prompt-Library\frontend\[39msrc\test\analytic
sService.test.ts:56:37
    at [90mfile:///D:/react/React-App-000739/Prompt-Library/frontend/[39mnode_modu
les/[4m@vitest[24m/runner/dist/chunk-hooks.js:155:11
    at [90mfile:///D:/react/React-App-000739/Prompt-Library/frontend/[39mnode_modu
les/[4m@vitest[24m/runner/dist/chunk-hooks.js:752:26
    at [90mfile:///D:/react/React-App-000739/Prompt-Library/frontend/[39mnode_modu
les/[4m@vitest[24m/runner/dist/chunk-hooks.js:1897:20
    at new Promise (<anonymous>)
    at runWithTimeout [90m(file:///D:/react/React-App-000739/Prompt-Library/fronten
d/[39mnode_modules/[4m@vitest[24m/runner/dist/chunk-hooks.js:1863:10[90m)[39m
    at runTest [90m(file:///D:/react/React-App-000739/Prompt-Library/frontend/[39m
node_modules/[4m@vitest[24m/runner/dist/chunk-hooks.js:1574:12[90m)[39m
[90m    at processTicksAndRejections (node:internal/process/task_queues:95:5)[39m
    at runSuite [90m(file:///D:/react/React-App-000739/Prompt-Library/frontend/[39
mnode_modules/[4m@vitest[24m/runner/dist/chunk-hooks.js:1729:8[90m)[39m
    at runSuite [90m(file:///D:/react/React-App-000739/Prompt-Library/frontend/[39
mnode_modules/[4m@vitest[24m/runner/dist/chunk-hooks.js:1729:8[90m)[39m
Error getting recent activity: Error: Firebase connection failed
    at [90mD:\react\React-App-000739\Prompt-Library\frontend\[39msrc\test\analytic
sService.test.ts:56:37
    at [90mfile:///D:/react/React-App-000739/Prompt-Library/frontend/[39mnode_modu
les/[4m@vitest[24m/runner/dist/chunk-hooks.js:155:11
    at [90mfile:///D:/react/React-App-000739/Prompt-Library/frontend/[39mnode_modu
les/[4m@vitest[24m/runner/dist/chunk-hooks.js:752:26
    at [90mfile:///D:/react/React-App-000739/Prompt-Library/frontend/[39mnode_modu
les/[4m@vitest[24m/runner/dist/chunk-hooks.js:1897:20
    at new Promise (<anonymous>)
    at runWithTimeout [90m(file:///D:/react/React-App-000739/Prompt-Library/fronten
d/[39mnode_modules/[4m@vitest[24m/runner/dist/chunk-hooks.js:1863:10[90m)[39m
    at runTest [90m(file:///D:/react/React-App-000739/Prompt-Library/frontend/[39m
node_modules/[4m@vitest[24m/runner/dist/chunk-hooks.js:1574:12[90m)[39m
[90m    at processTicksAndRejections (node:internal/process/task_queues:95:5)[39m
    at runSuite [90m(file:///D:/react/React-App-000739/Prompt-Library/frontend/[39
mnode_modules/[4m@vitest[24m/runner/dist/chunk-hooks.js:1729:8[90m)[39m
    at runSuite [90m(file:///D:/react/React-App-000739/Prompt-Library/frontend/[39
mnode_modules/[4m@vitest[24m/runner/dist/chunk-hooks.js:1729:8[90m)[39m
Error getting top prompts: Error: Firebase connection failed
    at [90mD:\react\React-App-000739\Prompt-Library\frontend\[39msrc\test\analytic
sService.test.ts:56:37
    at [90mfile:///D:/react/React-App-000739/Prompt-Library/frontend/[39mnode_modu
les/[4m@vitest[24m/runner/dist/chunk-hooks.js:155:11
    at [90mfile:///D:/react/React-App-000739/Prompt-Library/frontend/[39mnode_modu
les/[4m@vitest[24m/runner/dist/chunk-hooks.js:752:26
    at [90mfile:///D:/react/React-App-000739/Prompt-Library/frontend/[39mnode_modu
les/[4m@vitest[24m/runner/dist/chunk-hooks.js:1897:20
    at new Promise (<anonymous>)
    at runWithTimeout [90m(file:///D:/react/React-App-000739/Prompt-Library/fronten
d/[39mnode_modules/[4m@vitest[24m/runner/dist/chunk-hooks.js:1863:10[90m)[39m
    at runTest [90m(file:///D:/react/React-App-000739/Prompt-Library/frontend/[39m
node_modules/[4m@vitest[24m/runner/dist/chunk-hooks.js:1574:12[90m)[39m
[90m    at processTicksAndRejections (node:internal/process/task_queues:95:5)[39m
    at runSuite [90m(file:///D:/react/React-App-000739/Prompt-Library/frontend/[39
mnode_modules/[4m@vitest[24m/runner/dist/chunk-hooks.js:1729:8[90m)[39m
    at runSuite [90m(file:///D:/react/React-App-000739/Prompt-Library/frontend/[39
mnode_modules/[4m@vitest[24m/runner/dist/chunk-hooks.js:1729:8[90m)[39m

[90mstderr[2m | src/test/analyticsService.test.ts[2m > [22m[2mAnalytics 
Service[2m > [22m[2mgetUserAnalytics[2m > [22m[2mshould return proper 
structure with mock data
[22m[39mError getting recent activity: TypeError: executionsSnapshot.forEach is 
not a function
    at AnalyticsService.getRecentActivity [90m(D:\react\React-App-000739\Prompt-Lib
rary\frontend\[39msrc\services\analyticsService.ts:149:26[90m)[39m
[90m    at processTicksAndRejections (node:internal/process/task_queues:95:5)[39m
    at async Promise.all (index 1)
    at AnalyticsService.getUserAnalytics [90m(D:\react\React-App-000739\Prompt-Libr
ary\frontend\[39msrc\services\analyticsService.ts:43:53[90m)[39m
    at [90mD:\react\React-App-000739\Prompt-Library\frontend\[39msrc\test\analytic
sService.test.ts:70:22
    at [90mfile:///D:/react/React-App-000739/Prompt-Library/frontend/[39mnode_modu
les/[4m@vitest[24m/runner/dist/chunk-hooks.js:752:20

[90mstderr[2m | src/test/analyticsService.test.ts[2m > [22m[2mAnalytics 
Service[2m > [22m[2merror handling[2m > [22m[2mshould not throw errors when 
Firebase is unavailable
[22m[39mError getting basic metrics: Error: Network error
    at [90mD:\react\React-App-000739\Prompt-Library\frontend\[39msrc\test\analytic
sService.test.ts:81:37
    at [90mfile:///D:/react/React-App-000739/Prompt-Library/frontend/[39mnode_modu
les/[4m@vitest[24m/runner/dist/chunk-hooks.js:155:11
    at [90mfile:///D:/react/React-App-000739/Prompt-Library/frontend/[39mnode_modu
les/[4m@vitest[24m/runner/dist/chunk-hooks.js:752:26
    at [90mfile:///D:/react/React-App-000739/Prompt-Library/frontend/[39mnode_modu
les/[4m@vitest[24m/runner/dist/chunk-hooks.js:1897:20
    at new Promise (<anonymous>)
    at runWithTimeout [90m(file:///D:/react/React-App-000739/Prompt-Library/fronten
d/[39mnode_modules/[4m@vitest[24m/runner/dist/chunk-hooks.js:1863:10[90m)[39m
    at runTest [90m(file:///D:/react/React-App-000739/Prompt-Library/frontend/[39m
node_modules/[4m@vitest[24m/runner/dist/chunk-hooks.js:1574:12[90m)[39m
[90m    at processTicksAndRejections (node:internal/process/task_queues:95:5)[39m
    at runSuite [90m(file:///D:/react/React-App-000739/Prompt-Library/frontend/[39
mnode_modules/[4m@vitest[24m/runner/dist/chunk-hooks.js:1729:8[90m)[39m
    at runSuite [90m(file:///D:/react/React-App-000739/Prompt-Library/frontend/[39
mnode_modules/[4m@vitest[24m/runner/dist/chunk-hooks.js:1729:8[90m)[39m
Error getting recent activity: Error: Network error
    at [90mD:\react\React-App-000739\Prompt-Library\frontend\[39msrc\test\analytic
sService.test.ts:81:37
    at [90mfile:///D:/react/React-App-000739/Prompt-Library/frontend/[39mnode_modu
les/[4m@vitest[24m/runner/dist/chunk-hooks.js:155:11
    at [90mfile:///D:/react/React-App-000739/Prompt-Library/frontend/[39mnode_modu
les/[4m@vitest[24m/runner/dist/chunk-hooks.js:752:26
    at [90mfile:///D:/react/React-App-000739/Prompt-Library/frontend/[39mnode_modu
les/[4m@vitest[24m/runner/dist/chunk-hooks.js:1897:20
    at new Promise (<anonymous>)
    at runWithTimeout [90m(file:///D:/react/React-App-000739/Prompt-Library/fronten
d/[39mnode_modules/[4m@vitest[24m/runner/dist/chunk-hooks.js:1863:10[90m)[39m
    at runTest [90m(file:///D:/react/React-App-000739/Prompt-Library/frontend/[39m
node_modules/[4m@vitest[24m/runner/dist/chunk-hooks.js:1574:12[90m)[39m
[90m    at processTicksAndRejections (node:internal/process/task_queues:95:5)[39m
    at runSuite [90m(file:///D:/react/React-App-000739/Prompt-Library/frontend/[39
mnode_modules/[4m@vitest[24m/runner/dist/chunk-hooks.js:1729:8[90m)[39m
    at runSuite [90m(file:///D:/react/React-App-000739/Prompt-Library/frontend/[39
mnode_modules/[4m@vitest[24m/runner/dist/chunk-hooks.js:1729:8[90m)[39m
Error getting top prompts: Error: Network error
    at [90mD:\react\React-App-000739\Prompt-Library\frontend\[39msrc\test\analytic
sService.test.ts:81:37
    at [90mfile:///D:/react/React-App-000739/Prompt-Library/frontend/[39mnode_modu
les/[4m@vitest[24m/runner/dist/chunk-hooks.js:155:11
    at [90mfile:///D:/react/React-App-000739/Prompt-Library/frontend/[39mnode_modu
les/[4m@vitest[24m/runner/dist/chunk-hooks.js:752:26
    at [90mfile:///D:/react/React-App-000739/Prompt-Library/frontend/[39mnode_modu
les/[4m@vitest[24m/runner/dist/chunk-hooks.js:1897:20
    at new Promise (<anonymous>)
    at runWithTimeout [90m(file:///D:/react/React-App-000739/Prompt-Library/fronten
d/[39mnode_modules/[4m@vitest[24m/runner/dist/chunk-hooks.js:1863:10[90m)[39m
    at runTest [90m(file:///D:/react/React-App-000739/Prompt-Library/frontend/[39m
node_modules/[4m@vitest[24m/runner/dist/chunk-hooks.js:1574:12[90m)[39m
[90m    at processTicksAndRejections (node:internal/process/task_queues:95:5)[39m
    at runSuite [90m(file:///D:/react/React-App-000739/Prompt-Library/frontend/[39
mnode_modules/[4m@vitest[24m/runner/dist/chunk-hooks.js:1729:8[90m)[39m
    at runSuite [90m(file:///D:/react/React-App-000739/Prompt-Library/frontend/[39
mnode_modules/[4m@vitest[24m/runner/dist/chunk-hooks.js:1729:8[90m)[39m

[90mstderr[2m | src/test/analyticsService.test.ts[2m > [22m[2mAnalytics 
Service[2m > [22m[2merror handling[2m > [22m[2mshould return consistent data 
structure even on errors
[22m[39mError getting basic metrics: Error: Database error
    at [90mD:\react\React-App-000739\Prompt-Library\frontend\[39msrc\test\analytic
sService.test.ts:88:37
    at [90mfile:///D:/react/React-App-000739/Prompt-Library/frontend/[39mnode_modu
les/[4m@vitest[24m/runner/dist/chunk-hooks.js:155:11
    at [90mfile:///D:/react/React-App-000739/Prompt-Library/frontend/[39mnode_modu
les/[4m@vitest[24m/runner/dist/chunk-hooks.js:752:26
    at [90mfile:///D:/react/React-App-000739/Prompt-Library/frontend/[39mnode_modu
les/[4m@vitest[24m/runner/dist/chunk-hooks.js:1897:20
    at new Promise (<anonymous>)
    at runWithTimeout [90m(file:///D:/react/React-App-000739/Prompt-Library/fronten
d/[39mnode_modules/[4m@vitest[24m/runner/dist/chunk-hooks.js:1863:10[90m)[39m
    at runTest [90m(file:///D:/react/React-App-000739/Prompt-Library/frontend/[39m
node_modules/[4m@vitest[24m/runner/dist/chunk-hooks.js:1574:12[90m)[39m
[90m    at processTicksAndRejections (node:internal/process/task_queues:95:5)[39m
    at runSuite [90m(file:///D:/react/React-App-000739/Prompt-Library/frontend/[39
mnode_modules/[4m@vitest[24m/runner/dist/chunk-hooks.js:1729:8[90m)[39m
    at runSuite [90m(file:///D:/react/React-App-000739/Prompt-Library/frontend/[39
mnode_modules/[4m@vitest[24m/runner/dist/chunk-hooks.js:1729:8[90m)[39m
Error getting recent activity: Error: Database error
    at [90mD:\react\React-App-000739\Prompt-Library\frontend\[39msrc\test\analytic
sService.test.ts:88:37
    at [90mfile:///D:/react/React-App-000739/Prompt-Library/frontend/[39mnode_modu
les/[4m@vitest[24m/runner/dist/chunk-hooks.js:155:11
    at [90mfile:///D:/react/React-App-000739/Prompt-Library/frontend/[39mnode_modu
les/[4m@vitest[24m/runner/dist/chunk-hooks.js:752:26
    at [90mfile:///D:/react/React-App-000739/Prompt-Library/frontend/[39mnode_modu
les/[4m@vitest[24m/runner/dist/chunk-hooks.js:1897:20
    at new Promise (<anonymous>)
    at runWithTimeout [90m(file:///D:/react/React-App-000739/Prompt-Library/fronten
d/[39mnode_modules/[4m@vitest[24m/runner/dist/chunk-hooks.js:1863:10[90m)[39m
    at runTest [90m(file:///D:/react/React-App-000739/Prompt-Library/frontend/[39m
node_modules/[4m@vitest[24m/runner/dist/chunk-hooks.js:1574:12[90m)[39m
[90m    at processTicksAndRejections (node:internal/process/task_queues:95:5)[39m
    at runSuite [90m(file:///D:/react/React-App-000739/Prompt-Library/frontend/[39
mnode_modules/[4m@vitest[24m/runner/dist/chunk-hooks.js:1729:8[90m)[39m
    at runSuite [90m(file:///D:/react/React-App-000739/Prompt-Library/frontend/[39
mnode_modules/[4m@vitest[24m/runner/dist/chunk-hooks.js:1729:8[90m)[39m
Error getting top prompts: Error: Database error
    at [90mD:\react\React-App-000739\Prompt-Library\frontend\[39msrc\test\analytic
sService.test.ts:88:37
    at [90mfile:///D:/react/React-App-000739/Prompt-Library/frontend/[39mnode_modu
les/[4m@vitest[24m/runner/dist/chunk-hooks.js:155:11
    at [90mfile:///D:/react/React-App-000739/Prompt-Library/frontend/[39mnode_modu
les/[4m@vitest[24m/runner/dist/chunk-hooks.js:752:26
    at [90mfile:///D:/react/React-App-000739/Prompt-Library/frontend/[39mnode_modu
les/[4m@vitest[24m/runner/dist/chunk-hooks.js:1897:20
    at new Promise (<anonymous>)
    at runWithTimeout [90m(file:///D:/react/React-App-000739/Prompt-Library/fronten
d/[39mnode_modules/[4m@vitest[24m/runner/dist/chunk-hooks.js:1863:10[90m)[39m
    at runTest [90m(file:///D:/react/React-App-000739/Prompt-Library/frontend/[39m
node_modules/[4m@vitest[24m/runner/dist/chunk-hooks.js:1574:12[90m)[39m
[90m    at processTicksAndRejections (node:internal/process/task_queues:95:5)[39m
    at runSuite [90m(file:///D:/react/React-App-000739/Prompt-Library/frontend/[39
mnode_modules/[4m@vitest[24m/runner/dist/chunk-hooks.js:1729:8[90m)[39m
    at runSuite [90m(file:///D:/react/React-App-000739/Prompt-Library/frontend/[39
mnode_modules/[4m@vitest[24m/runner/dist/chunk-hooks.js:1729:8[90m)[39m

 [32mΓ£ô[39m src/test/analyticsService.test.ts [2m([22m[2m5 tests[22m[2m)[22m[32m 68[2mms[22m[39m
 [32mΓ£ô[39m src/test/performance/lighthouse.test.ts [2m([22m[2m9 tests[22m[2m)[22m[32m 51[2mms[22m[39m
 [32mΓ£ô[39m src/test/dom-test.test.tsx [2m([22m[2m2 tests[22m[2m)[22m[32m 15[2mms[22m[39m
 [32mΓ£ô[39m src/test/button-cross-browser.test.ts [2m([22m[2m1 test[22m[2m)[22m[32m 6[2mms[22m[39m

[2m Test Files [22m [1m[32m15 passed[39m[22m[90m (15)[39m
[2m      Tests [22m [1m[32m136 passed[39m[22m[2m | [22m[33m1 skipped[39m[90m (137)[39m
[2m   Start at [22m 13:21:01
[2m   Duration [22m 13.88s[2m (transform 1.12s, setup 846ms, collect 3.26s, tests 7.44s, environment 1.15s, prepare 197ms)[22m


> frontend@0.0.0 test:visual
> node --max-old-space-size=6144 ./node_modules/vitest/vitest.mjs run src/test/button-*.test.tsx --pool=forks --maxWorkers=1 --passWithNoTests


[1m[46m RUN [49m[22m [36mv3.2.4 [39m[90mD:/react/React-App-000739/Prompt-Library/frontend[39m

No test files found, exiting with code 0

[2mfilter: [22m[33msrc/test/button-*.test.tsx[39m
[2minclude: [22m[33msrc/**/*.{test,spec}.{ts,tsx,js,jsx}[39m
[2mexclude:  [22m[33me2e/**[2m, [22mnode_modules/**[39m


> frontend@0.0.0 test:unit:quarantine
> node --max-old-space-size=6144 ./node_modules/vitest/vitest.mjs --run --config vitest.unit-quarantine.config.ts


[1m[46m RUN [49m[22m [36mv3.2.4 [39m[90mD:/react/React-App-000739/Prompt-Library/frontend[39m

 [32mΓ£ô[39m src/components/prompts/__tests__/PromptList.test.tsx[2m > [22mPromptList (quarantine)[2m > [22mplaceholder smoke test[32m 3[2mms[22m[39m

[2m Test Files [22m [1m[32m1 passed[39m[22m[90m (1)[39m
[2m      Tests [22m [1m[32m1 passed[39m[22m[90m (1)[39m
[2m   Start at [22m 13:21:19
[2m   Duration [22m 2.77s[2m (transform 216ms, setup 562ms, collect 88ms, tests 7ms, environment 1.24s, prepare 508ms)[22m

